MPLINK 4.49, Linker
Linker Map File - Created Sat Aug 22 16:48:34 2020

                                 Section Info
                  Section       Type    Address   Location Size(Bytes)
                ---------  ---------  ---------  ---------  ---------
                   .org_0       code   0x000000    program   0x000000
                   .org_1       code   0x000000    program   0x00008a



                              Program Memory Usage 
                               Start         End      
                           ---------   ---------      
                            0x000000    0x000089      
            138 out of 33048 program addresses used, program memory utilization is 0%



                              Symbols - Sorted by Name
                     Name    Address   Location    Storage File                     
                ---------  ---------  ---------  --------- ---------                
                    ABRIR   0x00004a    program     static C:\Users\stefanini.STFBSBC044667-L\Documents\AssemblyAMM-master\Exercícios\P2_PORTAO_CONTROLE.asm
                  ESPERA1   0x00003a    program     static C:\Users\stefanini.STFBSBC044667-L\Documents\AssemblyAMM-master\Exercícios\P2_PORTAO_CONTROLE.asm
                  ESPERA2   0x00004e    program     static C:\Users\stefanini.STFBSBC044667-L\Documents\AssemblyAMM-master\Exercícios\P2_PORTAO_CONTROLE.asm
                   INICIO   0x000004    program     static C:\Users\stefanini.STFBSBC044667-L\Documents\AssemblyAMM-master\Exercícios\P2_PORTAO_CONTROLE.asm
                     LOOP   0x000074    program     static C:\Users\stefanini.STFBSBC044667-L\Documents\AssemblyAMM-master\Exercícios\P2_PORTAO_CONTROLE.asm
                    LOOP1   0x000062    program     static C:\Users\stefanini.STFBSBC044667-L\Documents\AssemblyAMM-master\Exercícios\P2_PORTAO_CONTROLE.asm
                   LP_1MS   0x000070    program     static C:\Users\stefanini.STFBSBC044667-L\Documents\AssemblyAMM-master\Exercícios\P2_PORTAO_CONTROLE.asm
                 LP_200MS   0x00006c    program     static C:\Users\stefanini.STFBSBC044667-L\Documents\AssemblyAMM-master\Exercícios\P2_PORTAO_CONTROLE.asm
                  LP_2SEG   0x00005e    program     static C:\Users\stefanini.STFBSBC044667-L\Documents\AssemblyAMM-master\Exercícios\P2_PORTAO_CONTROLE.asm
                   TST_S1   0x00001c    program     static C:\Users\stefanini.STFBSBC044667-L\Documents\AssemblyAMM-master\Exercícios\P2_PORTAO_CONTROLE.asm
                   TST_S2   0x00002a    program     static C:\Users\stefanini.STFBSBC044667-L\Documents\AssemblyAMM-master\Exercícios\P2_PORTAO_CONTROLE.asm
                    VOLTA   0x000010    program     static C:\Users\stefanini.STFBSBC044667-L\Documents\AssemblyAMM-master\Exercícios\P2_PORTAO_CONTROLE.asm



                              Symbols - Sorted by Address
                     Name    Address   Location    Storage File                     
                ---------  ---------  ---------  --------- ---------                
                   INICIO   0x000004    program     static C:\Users\stefanini.STFBSBC044667-L\Documents\AssemblyAMM-master\Exercícios\P2_PORTAO_CONTROLE.asm
                    VOLTA   0x000010    program     static C:\Users\stefanini.STFBSBC044667-L\Documents\AssemblyAMM-master\Exercícios\P2_PORTAO_CONTROLE.asm
                   TST_S1   0x00001c    program     static C:\Users\stefanini.STFBSBC044667-L\Documents\AssemblyAMM-master\Exercícios\P2_PORTAO_CONTROLE.asm
                   TST_S2   0x00002a    program     static C:\Users\stefanini.STFBSBC044667-L\Documents\AssemblyAMM-master\Exercícios\P2_PORTAO_CONTROLE.asm
                  ESPERA1   0x00003a    program     static C:\Users\stefanini.STFBSBC044667-L\Documents\AssemblyAMM-master\Exercícios\P2_PORTAO_CONTROLE.asm
                    ABRIR   0x00004a    program     static C:\Users\stefanini.STFBSBC044667-L\Documents\AssemblyAMM-master\Exercícios\P2_PORTAO_CONTROLE.asm
                  ESPERA2   0x00004e    program     static C:\Users\stefanini.STFBSBC044667-L\Documents\AssemblyAMM-master\Exercícios\P2_PORTAO_CONTROLE.asm
                  LP_2SEG   0x00005e    program     static C:\Users\stefanini.STFBSBC044667-L\Documents\AssemblyAMM-master\Exercícios\P2_PORTAO_CONTROLE.asm
                    LOOP1   0x000062    program     static C:\Users\stefanini.STFBSBC044667-L\Documents\AssemblyAMM-master\Exercícios\P2_PORTAO_CONTROLE.asm
                 LP_200MS   0x00006c    program     static C:\Users\stefanini.STFBSBC044667-L\Documents\AssemblyAMM-master\Exercícios\P2_PORTAO_CONTROLE.asm
                   LP_1MS   0x000070    program     static C:\Users\stefanini.STFBSBC044667-L\Documents\AssemblyAMM-master\Exercícios\P2_PORTAO_CONTROLE.asm
                     LOOP   0x000074    program     static C:\Users\stefanini.STFBSBC044667-L\Documents\AssemblyAMM-master\Exercícios\P2_PORTAO_CONTROLE.asm


